// Jest Snapshot v1, https://goo.gl/fbAQLP

exports[`Es hora de los snapshots o instantáneas Siempre fallará la instantánea 1`] = `
Object {
  "createAt": 2021-06-04T23:57:46.727Z,
  "id": 11,
}
`;

exports[`Es hora de los snapshots o instantáneas Snapshot 1`] = `
Object {
  "gender": "Male",
  "id": 1,
  "name": "Rick Sanchez",
  "species": "Human",
  "status": "Alive",
}
`;

exports[`Es hora de los snapshots o instantáneas Tenemos una excepción en el código 1`] = `
Object {
  "id": Any<Number>,
  "name": "Juan M",
}
`;
